// Jest Snapshot v1, https://goo.gl/fbAQLP

exports[`Footer snapshot Checking component footer's UI 1`] = `[Function]`;
