// Jest Snapshot v1, https://goo.gl/fbAQLP

exports[`Header snapshot Check Header snapshot 1`] = `[Function]`;
